======== CAS 0 begin ==================================

-------- View _InitialView begin ----------------------------------

DocumentMetaData:3
   sofa: _InitialView
   begin: 0
   end: 185
   language: "de"
   documentTitle: "germeval2014_test.conll"
   documentId: "germeval2014_test.conll"
   isLastSegment: false

CAS-Text:
Aufgrund seiner Initiative fand 2001/2002 in Stuttgart , Braunschweig und Bonn eine große und publizistisch vielbeachtete Troia-Ausstellung statt , „ Troia - Traum und Wirklichkeit “ .

[Aufgrund seiner Initiative fand 2001/2002 in Stuttgart , Braunschweig und Bonn eine große und publizistisch vielbeachtete Troia-Ausstellung statt , „ Troia - Traum und Wirklichkeit “ .]
Sentence:36
   sofa: _InitialView
   begin: 0
   end: 184
[Aufgrund]
Token:4
   sofa: _InitialView
   begin: 0
   end: 8
[seiner]
Token:5
   sofa: _InitialView
   begin: 9
   end: 15
[Initiative]
Token:6
   sofa: _InitialView
   begin: 16
   end: 26
[fand]
Token:7
   sofa: _InitialView
   begin: 27
   end: 31
[2001/2002]
Token:8
   sofa: _InitialView
   begin: 32
   end: 41
[in]
Token:9
   sofa: _InitialView
   begin: 42
   end: 44
[Stuttgart]
NamedEntity:31
   sofa: _InitialView
   begin: 45
   end: 54
   value: "LOC"
[Stuttgart]
Token:10
   sofa: _InitialView
   begin: 45
   end: 54
[,]
Token:11
   sofa: _InitialView
   begin: 55
   end: 56
[Braunschweig]
NamedEntity:32
   sofa: _InitialView
   begin: 57
   end: 69
   value: "LOC"
[Braunschweig]
Token:12
   sofa: _InitialView
   begin: 57
   end: 69
[und]
Token:13
   sofa: _InitialView
   begin: 70
   end: 73
[Bonn]
NamedEntity:33
   sofa: _InitialView
   begin: 74
   end: 78
   value: "LOC"
[Bonn]
Token:14
   sofa: _InitialView
   begin: 74
   end: 78
[eine]
Token:15
   sofa: _InitialView
   begin: 79
   end: 83
[große]
Token:16
   sofa: _InitialView
   begin: 84
   end: 89
[und]
Token:17
   sofa: _InitialView
   begin: 90
   end: 93
[publizistisch]
Token:18
   sofa: _InitialView
   begin: 94
   end: 107
[vielbeachtete]
Token:19
   sofa: _InitialView
   begin: 108
   end: 121
[Troia-Ausstellung]
NamedEntity:34
   sofa: _InitialView
   begin: 122
   end: 139
   value: "LOCpart"
[Troia-Ausstellung]
Token:20
   sofa: _InitialView
   begin: 122
   end: 139
[statt]
Token:21
   sofa: _InitialView
   begin: 140
   end: 145
[,]
Token:22
   sofa: _InitialView
   begin: 146
   end: 147
[„]
Token:23
   sofa: _InitialView
   begin: 148
   end: 149
[Troia - Traum und Wirklichkeit]
NamedEntity:35
   sofa: _InitialView
   begin: 150
   end: 180
   value: "OTH"
[Troia]
Token:24
   sofa: _InitialView
   begin: 150
   end: 155
[-]
Token:25
   sofa: _InitialView
   begin: 156
   end: 157
[Traum]
Token:26
   sofa: _InitialView
   begin: 158
   end: 163
[und]
Token:27
   sofa: _InitialView
   begin: 164
   end: 167
[Wirklichkeit]
Token:28
   sofa: _InitialView
   begin: 168
   end: 180
[“]
Token:29
   sofa: _InitialView
   begin: 181
   end: 182
[.]
Token:30
   sofa: _InitialView
   begin: 183
   end: 184
-------- View _InitialView end ----------------------------------

======== CAS 0 end ==================================